// Jest Snapshot v1, https://goo.gl/fbAQLP

exports[`renders correctly 1`] = `
<DocumentFragment>
  <button
    class="button button--filled button--primary"
  >
     Test Button 
  </button>
</DocumentFragment>
`;
